nohup: les entrées sont ignorées

> gestion-salaries-backend@1.0.0 dev
> nodemon --exec ts-node -r tsconfig-paths/register src/app.ts

[33m[nodemon] 3.1.10[39m
[33m[nodemon] to restart at any time, enter `rs`[39m
[33m[nodemon] watching path(s): *.*[39m
[33m[nodemon] watching extensions: ts,json[39m
[32m[nodemon] starting `ts-node -r tsconfig-paths/register src/app.ts`[39m
node:events:495
      throw er; // Unhandled 'error' event
      ^

Error: EBADF: bad file descriptor, read
Emitted 'error' event on ReadStream instanode:events:495
      throw er; // Unhandled 'error' event
      ^

Error: read EIO
    at TTY.onStreamRead (node:internal/stream_base_commons:217:20)
Emitted 'error' event on ReadStream instance at:
    at emitErrorNT (node:internal/streams/destroy:151:8)
    at emitErrorCloseNT (node:internal/streams/destroy:116:3)
    at process.processTicksAndRejections (node:internal/process/task_queues:82:21) {
  errno: -5,
  code: 'EIO',
  syscall: 'read'
}

Node.js v18.19.1
nectée
2025-09-28T18:12:16.282Z - GET /api/dashboard/statistiques
🔧 [DEBUG] Route dashboard_temp.ts utilisée
2025-09-28T18:12:48.770Z - GET /api/dashboard/statistiques
🔧 [DEBUG] Route dashboard_temp.ts utilisée
