nohup: les entrées sont ignorées

> gestion-salaries-backend@1.0.0 dev
> nodemon --exec ts-node -r tsconfig-paths/register src/app.ts

[33m[nodemon] 3.1.10[39m
[33m[nodemon] to restart at any time, enter `rs`[39m
[33m[nodemon] watching path(s): *.*[39m
[33m[nodemon] watching extensions: ts,json[39m
[32m[nodemon] starting `ts-node -r tsconfig-paths/register src/app.ts`[39m
node:events:495
      throw er; // Unhandled 'error' event
      ^

Error: EBADF: bad file descriptor, read
Emitted 'error' event on ReadStream instance at:
    at emitErrorNT (node:internal/streams/destroy:151:8)
    at errorOrDestroy (node:internal/streams/destroy:214:7)
    at node:internal/fs/streams:260:9
    at FSReqCallback.wrapper [as oncomplete] (node:fs:677:5) {
  errno: -9,
  code: 'EBADF',
  syscall: 'read'
}

Node.js v18.19.1
Error: listen EADDRINUSE: address already in use :::3001
    at Server.setupListenHandle [as _listen2] (node:net:1811:16)
    at listenInCluster (node:net:1859:12)
    at Server.listen (node:net:1947:7)
    at Function.listen (/home/dialibatoul-marakhib/Programation/javascript/full js gestion salarier/backend/node_modules/express/lib/application.js:635:24)
    at Object.<anonymous> (/home/dialibatoul-marakhib/Programation/javascript/full js gestion salarier/backend/src/app.ts:88:5)
    at Module._compile (node:internal/modules/cjs/loader:1356:14)
    at Module.m._compile (/home/dialibatoul-marakhib/Programation/javascript/full js gestion salarier/backend/node_modules/ts-node/src/index.ts:1618:23)
    at Module._extensions..js (node:internal/modules/cjs/loader:1414:10)
    at Object.require.extensions.<computed> [as .ts] (/home/dialibatoul-marakhib/Programation/javascript/full js gestion salarier/backend/node_modules/ts-node/src/index.ts:1621:12)
    at Module.load (node:internal/modules/cjs/loader:1197:32) {
  code: 'EADDRINUSE',
  errno: -98,
  syscall: 'listen',
  address: '::',
  port: 3001
}
